// Jest Snapshot v1, https://goo.gl/fbAQLP

exports[`renders correctly 1`] = `
<View
  style={
    Array [
      Object {
        "backgroundColor": "#ffffff",
      },
      Object {
        "flex": 1,
      },
    ]
  }
>
  <View
    style={
      Array [
        Object {
          "backgroundColor": "#ffffff",
        },
        Object {
          "alignItems": "center",
          "marginHorizontal": 50,
        },
      ]
    }
  >
    <Text
      style={
        Array [
          Object {
            "color": "rgba(0,0,0,0.8)",
          },
          Object {
            "fontSize": 17,
            "lineHeight": 24,
            "textAlign": "center",
          },
        ]
      }
    >
      Has your password been compromised? Find out!
    </Text>
  </View>
  <View
    style={
      Array [
        Object {
          "backgroundColor": "#ffffff",
        },
        Object {
          "alignItems": "center",
          "marginBottom": 20,
          "marginHorizontal": 20,
          "marginTop": 15,
        },
      ]
    }
  >
    <View
      accessible={true}
      focusable={false}
      onClick={[Function]}
      onResponderGrant={[Function]}
      onResponderMove={[Function]}
      onResponderRelease={[Function]}
      onResponderTerminate={[Function]}
      onResponderTerminationRequest={[Function]}
      onStartShouldSetResponder={[Function]}
      style={
        Object {
          "opacity": 1,
        }
      }
    >
      <TextInput
        allowFontScaling={true}
        autoCapitalize="none"
        autoCorrect={false}
        onChangeText={[Function]}
        placeholder="Password"
        placeholderTextColor="gray"
        rejectResponderTermination={true}
        style={
          Array [
            Object {
              "color": "#2f95dc",
            },
            Object {
              "borderBottomWidth": 1.5,
              "borderColor": "gray",
              "height": 60,
              "textAlign": "center",
              "width": 250,
            },
          ]
        }
        underlineColorAndroid="transparent"
      />
    </View>
  </View>
  <View
    style={
      Array [
        Object {
          "backgroundColor": "#ffffff",
        },
        Object {
          "alignContent": "center",
          "flex": 1,
          "justifyContent": "center",
        },
      ]
    }
  >
    <Text
      style={
        Array [
          Object {
            "color": "rgba(0,0,0,0.8)",
          },
          Object {
            "fontSize": 17,
            "lineHeight": 24,
            "marginTop": 10,
            "textAlign": "center",
          },
        ]
      }
    >
      
    </Text>
  </View>
  <View
    style={
      Array [
        Object {
          "backgroundColor": "#ffffff",
        },
        undefined,
      ]
    }
  >
    <Text
      style={
        Array [
          Object {
            "color": "#000",
          },
          Object {
            "marginBottom": 75,
            "textAlign": "center",
          },
        ]
      }
    >
      Breach Checker will never store or transmit passwords. A process called k-anonymity is used to keep your data safe.
    </Text>
    <View>
      <ViewManagerAdapter_ExpoAdsAdMobBannerView
        proxiedProperties={
          Object {
            "adUnitID": "ca-app-pub-3940256099942544/6300978111",
            "additionalRequestParams": Object {},
            "bannerSize": "smartBannerPortrait",
            "onAdViewDidDismissScreen": undefined,
            "onAdViewDidReceiveAd": undefined,
            "onAdViewWillDismissScreen": undefined,
            "onAdViewWillLeaveApplication": undefined,
            "onAdViewWillPresentScreen": undefined,
            "onDidFailToReceiveAdWithError": [Function],
            "onSizeChange": [Function],
          }
        }
        style={Object {}}
      />
    </View>
  </View>
</View>
`;
